[Rocrex.Rocrex Limited.co.ke/Rocrex/index.html]
[backblue.gif]
[fade.gif]
[index.html]
[Rocrex.Rocrex Limited.co.ke/Rocrex/js/w3.js]
[Rocrex.Rocrex Limited.co.ke/maxcdn.bootstrapcdn.com/bootstrap/3.3.7/css/bootstrap.min.css]
[Rocrex.Rocrex Limited.co.ke/maxcdn.bootstrapcdn.com/font-awesome/4.7.0/css/font-awesome.min.css]
[Rocrex.Rocrex Limited.co.ke/Rocrex/index-2.html]
[Rocrex.Rocrex Limited.co.ke/Rocrex/css/owl.carousel.min.css]
[Rocrex.Rocrex Limited.co.ke/Rocrex/css/owl.theme.default.min.css]
[Rocrex.Rocrex Limited.co.ke/Rocrex/css/ticker.css]
[Rocrex.Rocrex Limited.co.ke/Rocrex/css/reset.css]
[Rocrex.Rocrex Limited.co.ke/Rocrex/css/style.css]
[Rocrex.Rocrex Limited.co.ke/Rocrex/css/tabs-demo.css]
[Rocrex.Rocrex Limited.co.ke/Rocrex/css/tabs.css]
[Rocrex.Rocrex Limited.co.ke/Rocrex/css/tabstyles.css]
[Rocrex.Rocrex Limited.co.ke/Rocrex/css/test-default.css]
[Rocrex.Rocrex Limited.co.ke/Rocrex/css/test-component.css]
[Rocrex.Rocrex Limited.co.ke/Rocrex/css/animate.css]
[Rocrex.Rocrex Limited.co.ke/Rocrex/img/favicon.ico]
[Rocrex.Rocrex Limited.co.ke/Rocrex/css/bootstrap-touch-slider.css]
[Rocrex.Rocrex Limited.co.ke/Rocrex/css/jquery.bxslider.css]
[Rocrex.Rocrex Limited.co.ke/Rocrex/branch/style.css]
[Rocrex.Rocrex Limited.co.ke/Rocrex/button/hover.css]
[Rocrex.Rocrex Limited.co.ke/Rocrex/flash/base.css]
[Rocrex.Rocrex Limited.co.ke/Rocrex/flash/demo2.css]
[Rocrex.Rocrex Limited.co.ke/Rocrex/diag-js/base.css]
[Rocrex.Rocrex Limited.co.ke/Rocrex/img/logo.png]
[Rocrex.Rocrex Limited.co.ke/Rocrex/enq_us.html]
[Rocrex.Rocrex Limited.co.ke/Rocrex/product-Rocrex.html]
[Rocrex.Rocrex Limited.co.ke/Rocrex/product-maxim.html]
[Rocrex.Rocrex Limited.co.ke/Rocrex/product-netbloodbank.html]
[Rocrex.Rocrex Limited.co.ke/Rocrex/product-drishti.html]
[Rocrex.Rocrex Limited.co.ke/Rocrex/product-pharmacy.html]
[Rocrex.Rocrex Limited.co.ke/Rocrex/product-occupational-health.html]
[Rocrex.Rocrex Limited.co.ke/Rocrex/product-pacs.html]
[Rocrex.Rocrex Limited.co.ke/Rocrex/government.html]
[Rocrex.Rocrex Limited.co.ke/Rocrex/clients-list.html]
[Rocrex.Rocrex Limited.co.ke/Rocrex/alliances.html]
[Rocrex.Rocrex Limited.co.ke/Rocrex/img/doctors.jpg]
[Rocrex.Rocrex Limited.co.ke/Rocrex/img/doctor.png]
[Rocrex.Rocrex Limited.co.ke/Rocrex/distributorship1.html]
[Rocrex.Rocrex Limited.co.ke/Rocrex/img/handshake.png]
[Rocrex.Rocrex Limited.co.ke/Rocrex/img/government.png]
[Rocrex.Rocrex Limited.co.ke/Rocrex/img/consultant.png]
[Rocrex.Rocrex Limited.co.ke/Rocrex/img/video-imng.png]
[Rocrex.Rocrex Limited.co.ke/Rocrex/img/docback.jpg]
[Rocrex.Rocrex Limited.co.ke/Rocrex/img/icons/hospital.png]
[Rocrex.Rocrex Limited.co.ke/Rocrex/img/icons/microscope.png]
[Rocrex.Rocrex Limited.co.ke/Rocrex/img/icons/blood.png]
[Rocrex.Rocrex Limited.co.ke/Rocrex/img/icons/view.png]
[Rocrex.Rocrex Limited.co.ke/Rocrex/img/icons/college.png]
[Rocrex.Rocrex Limited.co.ke/Rocrex/img/icons/medicine.png]
[Rocrex.Rocrex Limited.co.ke/Rocrex/img/icons/worker.png]
[Rocrex.Rocrex Limited.co.ke/Rocrex/img/icons/pacs.png]
[Rocrex.Rocrex Limited.co.ke/Rocrex/img/icons/government.png]
[Rocrex.Rocrex Limited.co.ke/Rocrex/img/icons/employee.png]
[Rocrex.Rocrex Limited.co.ke/Rocrex/img/icons/business.png]
[Rocrex.Rocrex Limited.co.ke/Rocrex/img/clinical-management.jpg]
[Rocrex.Rocrex Limited.co.ke/Rocrex/img/account-mngt.jpg]
[Rocrex.Rocrex Limited.co.ke/Rocrex/img/report.jpg]
[Rocrex.Rocrex Limited.co.ke/Rocrex/img/mngt-information.jpg]
[Rocrex.Rocrex Limited.co.ke/Rocrex/contact_us.html]
[Rocrex.Rocrex Limited.co.ke/Rocrex/img/STAT-zero-dollars-teal.jpg]
[Rocrex.Rocrex Limited.co.ke/Rocrex/img/logos/download.png]
[Rocrex.Rocrex Limited.co.ke/Rocrex/img/logos/m-logo.png]
[Rocrex.Rocrex Limited.co.ke/Rocrex/img/logos/url.png]
[Rocrex.Rocrex Limited.co.ke/Rocrex/img/logos/oracle.jpg]
[Rocrex.Rocrex Limited.co.ke/Rocrex/client-list/national/sham.jpg]
[Rocrex.Rocrex Limited.co.ke/Rocrex/client-list/national/tncg.png]
[Rocrex.Rocrex Limited.co.ke/Rocrex/client-list/national/bomet.jpg]
[Rocrex.Rocrex Limited.co.ke/Rocrex/client-list/national/cgk.jpg]
[Rocrex.Rocrex Limited.co.ke/Rocrex/client-list/national/icg.jpg]
[Rocrex.Rocrex Limited.co.ke/Rocrex/img/fb.png]
[Rocrex.Rocrex Limited.co.ke/Rocrex/img/twitter.png]
[Rocrex.Rocrex Limited.co.ke/Rocrex/img/linkedin.png]
[Rocrex.Rocrex Limited.co.ke/Rocrex/img/youtube.png]
[Rocrex.Rocrex Limited.co.ke/Rocrex/js/ticker.js]
[Rocrex.Rocrex Limited.co.ke/maxcdn.bootstrapcdn.com/bootstrap/3.3.7/js/bootstrap.min.js]
[Rocrex.Rocrex Limited.co.ke/Rocrex/js/modernizr.custom.js]
[Rocrex.Rocrex Limited.co.ke/Rocrex/js/modernizr-custom.js]
[Rocrex.Rocrex Limited.co.ke/cdnjs.cloudflare.com/ajax/libs/jquery/3.2.1/jquery.min.js]
[Rocrex.Rocrex Limited.co.ke/Rocrex/js/jquery.cbpQTRotator.js]
[Rocrex.Rocrex Limited.co.ke/Rocrex/js/SmoothScroll.js]
[Rocrex.Rocrex Limited.co.ke/Rocrex/js/cbpFWTabs.js]
[Rocrex.Rocrex Limited.co.ke/Rocrex/js/owl.carousel.js]
[Rocrex.Rocrex Limited.co.ke/Rocrex/js/main.js]
[Rocrex.Rocrex Limited.co.ke/Rocrex/js/jquery.bxslider.js]
[Rocrex.Rocrex Limited.co.ke/cdnjs.cloudflare.com/ajax/libs/jquery.touchswipe/1.6.18/jquery.touchSwipe.min.js]
[Rocrex.Rocrex Limited.co.ke/Rocrex/js/bootstrap-touch-slider-min.js]
[Rocrex.Rocrex Limited.co.ke/Rocrex/flash/demo.js]
[Rocrex.Rocrex Limited.co.ke/Rocrex/flash/imagesloaded.pkgd.min.js]
[Rocrex.Rocrex Limited.co.ke/Rocrex/flash/menu2.js]
[Rocrex.Rocrex Limited.co.ke/Rocrex/flash/anime.min.js]
[Rocrex.Rocrex Limited.co.ke/Rocrex/video-js/index.html]
[Rocrex.Rocrex Limited.co.ke/cdnjs.cloudflare.com/ajax/libs/prefixfree/1.0.7/prefixfree.min.js]
[Rocrex.Rocrex Limited.co.ke/Rocrex/side-js/index.html]
[Rocrex.Rocrex Limited.co.ke/Rocrex/diag-js/imagesloaded.pkgd.min.js]
[Rocrex.Rocrex Limited.co.ke/Rocrex/diag-js/charming.min.js]
[Rocrex.Rocrex Limited.co.ke/Rocrex/index.html]
[Rocrex.Rocrex Limited.co.ke/Rocrex/diag-js/demo.js]
[Rocrex.Rocrex Limited.co.ke/Rocrex/index-2.html]
[Rocrex.Rocrex Limited.co.ke/maxcdn.bootstrapcdn.com/bootstrap/3.3.7/css/bootstrap.min.css]
[Rocrex.Rocrex Limited.co.ke/maxcdn.bootstrapcdn.com/font-awesome/4.7.0/css/font-awesome.min.css]
[Rocrex.Rocrex Limited.co.ke/Rocrex/css/owl.video.play.html]
[Rocrex.Rocrex Limited.co.ke/Rocrex/css/owl.carousel.min.css]
[Rocrex.Rocrex Limited.co.ke/Rocrex/css/owl.theme.default.min.css]
[Rocrex.Rocrex Limited.co.ke/Rocrex/css/ticker.css]
[Rocrex.Rocrex Limited.co.ke/Rocrex/css/reset.css]
[Rocrex.Rocrex Limited.co.ke/Rocrex/img/HIMS-icn.png]
[Rocrex.Rocrex Limited.co.ke/Rocrex/img/LIMS-icn.png]
[Rocrex.Rocrex Limited.co.ke/Rocrex/img/Bloodbank-icn.png]
[Rocrex.Rocrex Limited.co.ke/Rocrex/img/PACS-icn.png]
[Rocrex.Rocrex Limited.co.ke/Rocrex/img/Hosp-projct-icn.png]
[Rocrex.Rocrex Limited.co.ke/Rocrex/diag-js/TweenMax.min.js]
[Rocrex.Rocrex Limited.co.ke/Rocrex/img/hands-icn.png]
[Rocrex.Rocrex Limited.co.ke/Rocrex/img/doctor-work.jpg]
[Rocrex.Rocrex Limited.co.ke/Rocrex/img/hospital-recption.jpg]
[Rocrex.Rocrex Limited.co.ke/Rocrex/img/building.jpg]
[Rocrex.Rocrex Limited.co.ke/Rocrex/img/hims-back.jpg]
[Rocrex.Rocrex Limited.co.ke/Rocrex/img/whyusimg.jpg]
[Rocrex.Rocrex Limited.co.ke/Rocrex/images/visiting-card_pune_branch.jpg]
[Rocrex.Rocrex Limited.co.ke/Rocrex/img/bhopal-city.jpg]
[Rocrex.Rocrex Limited.co.ke/Rocrex/images/banglore-city.jpg]
[Rocrex.Rocrex Limited.co.ke/Rocrex/images/visiting-card_international_branch_jpg.jpg]
[Rocrex.Rocrex Limited.co.ke/Rocrex/images/jharkhand-city.jpg]
[Rocrex.Rocrex Limited.co.ke/Rocrex/images/hydrabad-city.jpg]
[Rocrex.Rocrex Limited.co.ke/Rocrex/img/zambia-country.jpg]
[Rocrex.Rocrex Limited.co.ke/Rocrex/images/chennai-city.jpg]
[Rocrex.Rocrex Limited.co.ke/Rocrex/images/visiting-card_mumbai_branchpxl_jpg.jpg]
[Rocrex.Rocrex Limited.co.ke/Rocrex/images/delhi-city.jpg]
[Rocrex.Rocrex Limited.co.ke/Rocrex/images/kolkata-city.jpg]
[Rocrex.Rocrex Limited.co.ke/Rocrex/images/cochin-city.jpg]
[Rocrex.Rocrex Limited.co.ke/Rocrex/images/nepal-branch.jpg]
[Rocrex.Rocrex Limited.co.ke/Rocrex/images/tanzania-branch.jpg]
[Rocrex.Rocrex Limited.co.ke/Rocrex/images/overlay-back.jpg]
[Rocrex.Rocrex Limited.co.ke/Rocrex/images/slide1.jpg]
[Rocrex.Rocrex Limited.co.ke/Rocrex/img/logos/quanta-bw.png]
[Rocrex.Rocrex Limited.co.ke/Rocrex/img/logos/quanta.png]
[Rocrex.Rocrex Limited.co.ke/Rocrex/img/logos/maxim-bw.png]
[Rocrex.Rocrex Limited.co.ke/Rocrex/img/logos/maxim.png]
[Rocrex.Rocrex Limited.co.ke/Rocrex/img/logos/pathogold-bw.png]
[Rocrex.Rocrex Limited.co.ke/Rocrex/img/logos/pathogold.png]
[Rocrex.Rocrex Limited.co.ke/Rocrex/img/logos/bloodbank-bw.png]
[Rocrex.Rocrex Limited.co.ke/Rocrex/img/logos/bloodbank.png]
[Rocrex.Rocrex Limited.co.ke/Rocrex/img/logos/pacs-bw.png]
[Rocrex.Rocrex Limited.co.ke/Rocrex/img/logos/pacs.png]
[Rocrex.Rocrex Limited.co.ke/Rocrex/img/logos/drishti-bw.png]
[Rocrex.Rocrex Limited.co.ke/Rocrex/img/logos/drishti.png]
[Rocrex.Rocrex Limited.co.ke/Rocrex/img/birla-sir.jpg]
[Rocrex.Rocrex Limited.co.ke/Rocrex/css/style.css]
[Rocrex.Rocrex Limited.co.ke/Rocrex/css/tabs-demo.css]
[Rocrex.Rocrex Limited.co.ke/Rocrex/css/tabs.css]
[Rocrex.Rocrex Limited.co.ke/Rocrex/css/tabstyles.css]
[Rocrex.Rocrex Limited.co.ke/Rocrex/css/test-default.css]
[Rocrex.Rocrex Limited.co.ke/Rocrex/css/test-component.css]
[Rocrex.Rocrex Limited.co.ke/Rocrex/css/animate.css]
[Rocrex.Rocrex Limited.co.ke/Rocrex/css/bootstrap-touch-slider.css]
[Rocrex.Rocrex Limited.co.ke/Rocrex/images/bx_loader.gif]
[Rocrex.Rocrex Limited.co.ke/Rocrex/images/controls.png]
[Rocrex.Rocrex Limited.co.ke/Rocrex/css/images/controls.html]
[Rocrex.Rocrex Limited.co.ke/Rocrex/css/jquery.bxslider.css]
[Rocrex.Rocrex Limited.co.ke/Rocrex/branch/style.css]
[Rocrex.Rocrex Limited.co.ke/Rocrex/button/demo-page.css]
[Rocrex.Rocrex Limited.co.ke/Rocrex/button/hover.css]
[Rocrex.Rocrex Limited.co.ke/Rocrex/flash/base.css]
[Rocrex.Rocrex Limited.co.ke/Rocrex/images/bg.html]
[Rocrex.Rocrex Limited.co.ke/Rocrex/images/bg1.html]
[Rocrex.Rocrex Limited.co.ke/Rocrex/images/bg2.html]
[Rocrex.Rocrex Limited.co.ke/Rocrex/images/bg3.html]
[Rocrex.Rocrex Limited.co.ke/Rocrex/images/bg4.html]
[Rocrex.Rocrex Limited.co.ke/Rocrex/images/bg5.html]
[Rocrex.Rocrex Limited.co.ke/Rocrex/flash/demo2.css]
[Rocrex.Rocrex Limited.co.ke/Rocrex/diag-js/base.css]
[Rocrex.Rocrex Limited.co.ke/www.google-analytics.com/analytics.js]
[Rocrex.Rocrex Limited.co.ke/www.google.com/recaptcha/api.js]
[Rocrex.Rocrex Limited.co.ke/Rocrex/images/bpart.jpg]
[Rocrex.Rocrex Limited.co.ke/Rocrex/WebResource95b395b3.js]
[Rocrex.Rocrex Limited.co.ke/Rocrex/ScriptResource64d364d3.js]
[Rocrex.Rocrex Limited.co.ke/Rocrex/footer.html]
[Rocrex.Rocrex Limited.co.ke/www.jqueryscript.net/css/jquerysctipttop.css]
[Rocrex.Rocrex Limited.co.ke/Rocrex/ScriptResource6c126c12.js]
[Rocrex.Rocrex Limited.co.ke/Rocrex/enq_us.html]
[Rocrex.Rocrex Limited.co.ke/Rocrex/src/jquery.captcha.basic.min.js]
[Rocrex.Rocrex Limited.co.ke/code.jquery.com/jquery-3.2.1.slim.min.js]
[Rocrex.Rocrex Limited.co.ke/ajax.googleapis.com/ajax/libs/jquery/1.8.3/jquery.min.js]
[Rocrex.Rocrex Limited.co.ke/Rocrex/js/prod-modernizr.js]
[Rocrex.Rocrex Limited.co.ke/www.w3schools.com/lib/w3.js]
[Rocrex.Rocrex Limited.co.ke/Rocrex/img/healthcare-front.jpg]
[Rocrex.Rocrex Limited.co.ke/Rocrex/img/patient-care.jpg]
[Rocrex.Rocrex Limited.co.ke/Rocrex/img/time-saving.png]
[Rocrex.Rocrex Limited.co.ke/Rocrex/img/money.png]
[Rocrex.Rocrex Limited.co.ke/Rocrex/img/support.png]
[Rocrex.Rocrex Limited.co.ke/Rocrex/img/discount.png]
[Rocrex.Rocrex Limited.co.ke/Rocrex/img/q4-f2.png]
[Rocrex.Rocrex Limited.co.ke/Rocrex/img/q4-f4.png]
[Rocrex.Rocrex Limited.co.ke/Rocrex/img/q4-f7.png]
[Rocrex.Rocrex Limited.co.ke/Rocrex/img/q4-f1.png]
[Rocrex.Rocrex Limited.co.ke/Rocrex/img/q4-f5.png]
[Rocrex.Rocrex Limited.co.ke/Rocrex/img/q4-f6.png]
[Rocrex.Rocrex Limited.co.ke/Rocrex/img/q4-f8.png]
[Rocrex.Rocrex Limited.co.ke/Rocrex/img/q4-f3.png]
[Rocrex.Rocrex Limited.co.ke/Rocrex/img/video-calling.jpg]
[Rocrex.Rocrex Limited.co.ke/Rocrex/video/group of doctors with laptop meeting at hospital 4kz5dWyB.mp4]
[Rocrex.Rocrex Limited.co.ke/Rocrex/img/video-img.png]
[Rocrex.Rocrex Limited.co.ke/Rocrex/img/res-image.png]
[Rocrex.Rocrex Limited.co.ke/Rocrex/img/1080.jpg]
[Rocrex.Rocrex Limited.co.ke/Rocrex/healthcare-software-downloads.html]
[Rocrex.Rocrex Limited.co.ke/Rocrex/support.html]
[Rocrex.Rocrex Limited.co.ke/Rocrex/product-Rocrex.html]
[Rocrex.Rocrex Limited.co.ke/Rocrex/img/lims-front.jpg]
[Rocrex.Rocrex Limited.co.ke/Rocrex/img/logos/pathology.jpg]
[Rocrex.Rocrex Limited.co.ke/Rocrex/img/logos/pathology2.jpg]
[Rocrex.Rocrex Limited.co.ke/Rocrex/img/family.jpg]
[Rocrex.Rocrex Limited.co.ke/Rocrex/img/maxim-f4.png]
[Rocrex.Rocrex Limited.co.ke/Rocrex/img/maxim-f6.png]
[Rocrex.Rocrex Limited.co.ke/Rocrex/img/maxim-f2.png]
[Rocrex.Rocrex Limited.co.ke/Rocrex/img/maxim-f7.png]
[Rocrex.Rocrex Limited.co.ke/Rocrex/img/maxim-f8.png]
[Rocrex.Rocrex Limited.co.ke/Rocrex/img/maxim-half-dash.jpg]
[Rocrex.Rocrex Limited.co.ke/Rocrex/img/tridev-maxim.png]
[Rocrex.Rocrex Limited.co.ke/Rocrex/product-maxim.html]
[Rocrex.Rocrex Limited.co.ke/Rocrex/img/bloodbank-front.jpg]
[Rocrex.Rocrex Limited.co.ke/Rocrex/video/happy.mp4]
[Rocrex.Rocrex Limited.co.ke/Rocrex/img/accurate.jpg]
[Rocrex.Rocrex Limited.co.ke/Rocrex/img/instant.jpg]
[Rocrex.Rocrex Limited.co.ke/Rocrex/img/flash.jpg]
[Rocrex.Rocrex Limited.co.ke/Rocrex/img/happy.jpg]
[Rocrex.Rocrex Limited.co.ke/Rocrex/red-js/index.js]
[Rocrex.Rocrex Limited.co.ke/Rocrex/product-netbloodbank.html]
[Rocrex.Rocrex Limited.co.ke/Rocrex/img/optical-banner.jpg]
[Rocrex.Rocrex Limited.co.ke/Rocrex/img/girl-spect.jpg]
[Rocrex.Rocrex Limited.co.ke/Rocrex/img/icons/energy-saving.png]
[Rocrex.Rocrex Limited.co.ke/Rocrex/img/icons/key.png]
[Rocrex.Rocrex Limited.co.ke/Rocrex/img/icons/tap.png]
[Rocrex.Rocrex Limited.co.ke/Rocrex/img/icons/checklist.png]
[Rocrex.Rocrex Limited.co.ke/Rocrex/img/icons/cost.png]
[Rocrex.Rocrex Limited.co.ke/Rocrex/img/icons/network.png]
[Rocrex.Rocrex Limited.co.ke/Rocrex/img/optha.jpg]
[Rocrex.Rocrex Limited.co.ke/Rocrex/product-drishti.html]
[Rocrex.Rocrex Limited.co.ke/Rocrex/img/pharmacy.jpg]
[Rocrex.Rocrex Limited.co.ke/Rocrex/img/pharmacy-second.jpg]
[Rocrex.Rocrex Limited.co.ke/Rocrex/product-pharmacy.html]
[Rocrex.Rocrex Limited.co.ke/Rocrex/downloadnew/quanta/Birlamedisoft_Quanta_OccuCheck_Brochure.pdf]
[Rocrex.Rocrex Limited.co.ke/Rocrex/img/occupational-front.jpg]
[Rocrex.Rocrex Limited.co.ke/Rocrex/img/q2-1.jpg]
[Rocrex.Rocrex Limited.co.ke/Rocrex/img/q2-2.png]
[Rocrex.Rocrex Limited.co.ke/Rocrex/img/q2-3.png]
[Rocrex.Rocrex Limited.co.ke/Rocrex/img/q2-17.png]
[Rocrex.Rocrex Limited.co.ke/Rocrex/img/q2-6.png]
[Rocrex.Rocrex Limited.co.ke/Rocrex/img/q2-7.png]
[Rocrex.Rocrex Limited.co.ke/Rocrex/img/q2-8.png]
[Rocrex.Rocrex Limited.co.ke/Rocrex/img/q2-9.png]
[Rocrex.Rocrex Limited.co.ke/Rocrex/img/q2-10.png]
[Rocrex.Rocrex Limited.co.ke/Rocrex/img/q2-11.png]
[Rocrex.Rocrex Limited.co.ke/Rocrex/img/q2-12.png]
[Rocrex.Rocrex Limited.co.ke/Rocrex/img/q2-13.png]
[Rocrex.Rocrex Limited.co.ke/Rocrex/img/q2-18.png]
[Rocrex.Rocrex Limited.co.ke/Rocrex/img/q2-16.png]
[Rocrex.Rocrex Limited.co.ke/Rocrex/product-occupational-health.html]
[Rocrex.Rocrex Limited.co.ke/Rocrex/img/pacs.jpg]
[Rocrex.Rocrex Limited.co.ke/Rocrex/img/pacs-f1.png]
[Rocrex.Rocrex Limited.co.ke/Rocrex/img/q3-f1.png]
[Rocrex.Rocrex Limited.co.ke/Rocrex/img/pacs-f2.png]
[Rocrex.Rocrex Limited.co.ke/Rocrex/img/pacs-f3.png]
[Rocrex.Rocrex Limited.co.ke/Rocrex/img/pacs-f4.png]
[Rocrex.Rocrex Limited.co.ke/Rocrex/img/pacs-f5.png]
[Rocrex.Rocrex Limited.co.ke/Rocrex/img/pacs-f6.png]
[Rocrex.Rocrex Limited.co.ke/Rocrex/img/pacs-f7.png]
[Rocrex.Rocrex Limited.co.ke/Rocrex/product-pacs.html]
[Rocrex.Rocrex Limited.co.ke/Rocrex/docs/UPHC_brochure_30ap19.pdf]
[Rocrex.Rocrex Limited.co.ke/Rocrex/img/gov-back.jpg]
[Rocrex.Rocrex Limited.co.ke/Rocrex/img/nuhm.png]
[Rocrex.Rocrex Limited.co.ke/Rocrex/government.html]
[Rocrex.Rocrex Limited.co.ke/Rocrex/clients-list.html]
[Rocrex.Rocrex Limited.co.ke/Rocrex/img/our-alliances-page.jpg]
[Rocrex.Rocrex Limited.co.ke/Rocrex/img/pat.jpg]
[Rocrex.Rocrex Limited.co.ke/Rocrex/alliances.html]
[Rocrex.Rocrex Limited.co.ke/Rocrex/career.html]
[Rocrex.Rocrex Limited.co.ke/Rocrex/our-branches.html]
[Rocrex.Rocrex Limited.co.ke/Rocrex/product-medical-college.html]
[Rocrex.Rocrex Limited.co.ke/Rocrex/peer_reviews.html]
[Rocrex.Rocrex Limited.co.ke/Rocrex/BMSPartnership.html]
[Rocrex.Rocrex Limited.co.ke/code.jquery.com/jquery-2.2.0.min.js]
[Rocrex.Rocrex Limited.co.ke/Rocrex/management.html]
[Rocrex.Rocrex Limited.co.ke/Rocrex/why-birlamedisoft.html]
[Rocrex.Rocrex Limited.co.ke/Rocrex/news-healthcare.html]
[Rocrex.Rocrex Limited.co.ke/Rocrex/docs/Company-Profile.pdf]
[Rocrex.Rocrex Limited.co.ke/Rocrex/gallery.html]
[Rocrex.Rocrex Limited.co.ke/Rocrex/healthcare-digitalization.html]
[Rocrex.Rocrex Limited.co.ke/Rocrex/privacy.html]
[Rocrex.Rocrex Limited.co.ke/Rocrex/terms_of_use.html]
[Rocrex.Rocrex Limited.co.ke/Rocrex/img/our-oem-page.jpg]
[Rocrex.Rocrex Limited.co.ke/Rocrex/img/oem-cost.png]
[Rocrex.Rocrex Limited.co.ke/Rocrex/img/oem-customer.png]
[Rocrex.Rocrex Limited.co.ke/Rocrex/img/oem-market.png]
[Rocrex.Rocrex Limited.co.ke/Rocrex/img/oem-world.png]
[Rocrex.Rocrex Limited.co.ke/Rocrex/distributorship1.html]
[Rocrex.Rocrex Limited.co.ke/Rocrex/video/index.html]
[Rocrex.Rocrex Limited.co.ke/Rocrex/contact_us.html]
[Rocrex.Rocrex Limited.co.ke/Rocrex/particles/particles.html]
[Rocrex.Rocrex Limited.co.ke/Rocrex/particles/app.html]
[Rocrex.Rocrex Limited.co.ke/Rocrex/particles/stats.html]
[Rocrex.Rocrex Limited.co.ke/Rocrex/video-js/index.html]
[Rocrex.Rocrex Limited.co.ke/Rocrex/side-js/index.html]
[Rocrex.Rocrex Limited.co.ke/Rocrex/css/owl.video.play.html]
[Rocrex.Rocrex Limited.co.ke/Rocrex/css/images/controls.html]
[Rocrex.Rocrex Limited.co.ke/Rocrex/images/bg.html]
[Rocrex.Rocrex Limited.co.ke/Rocrex/images/bg1.html]
[Rocrex.Rocrex Limited.co.ke/Rocrex/images/bg2.html]
[Rocrex.Rocrex Limited.co.ke/Rocrex/images/bg3.html]
[Rocrex.Rocrex Limited.co.ke/Rocrex/images/bg4.html]
[Rocrex.Rocrex Limited.co.ke/Rocrex/images/bg5.html]
[js-eu1.hs-scripts.com/25046254.json]
[Rocrex.Rocrex Limited.co.ke/Rocrex/footer.html]
[Rocrex.Rocrex Limited.co.ke/www.jqueryscript.net/css/jquerysctipttop.css]
[Rocrex.Rocrex Limited.co.ke/Rocrex/downloadnew/quanta/Rocrex_Quanta_HIS_brochure.html]
[Rocrex.Rocrex Limited.co.ke/Rocrex/img/light-blur.jpg]
[Rocrex.Rocrex Limited.co.ke/Rocrex/downloadnew/quanta/Birlamedisoft_Company_Profile.pdf]
[Rocrex.Rocrex Limited.co.ke/Rocrex/img/companypro.png]
[Rocrex.Rocrex Limited.co.ke/Rocrex/downloadnew/quanta/Birlamedisoft_Fastest_Growing_IT_company_profile.pdf]
[Rocrex.Rocrex Limited.co.ke/Rocrex/img/fastest-it.png]
[Rocrex.Rocrex Limited.co.ke/Rocrex/downloadnew/quanta/CIO_Review_Profile.pdf]
[Rocrex.Rocrex Limited.co.ke/Rocrex/img/CIO profile.png]
[Rocrex.Rocrex Limited.co.ke/Rocrex/downloadnew/quanta/silicon_certificate.jpg]
[Rocrex.Rocrex Limited.co.ke/Rocrex/img/silicon.png]
[Rocrex.Rocrex Limited.co.ke/Rocrex/downloadnew/quanta/quanta_web_based_HIMS.pptx]
[Rocrex.Rocrex Limited.co.ke/Rocrex/img/q3-ppt.png]
[Rocrex.Rocrex Limited.co.ke/Rocrex/downloadnew/quanta/Presentation_on_Q4_HIS in Pocket_by_Birlamedisoft.pptx]
[Rocrex.Rocrex Limited.co.ke/Rocrex/img/q4-ppt.png]
[Rocrex.Rocrex Limited.co.ke/Rocrex/docs/Medical-College-Management-Software-Presentation.pptx]
[Rocrex.Rocrex Limited.co.ke/Rocrex/img/medicol.png]
[Rocrex.Rocrex Limited.co.ke/Rocrex/downloadnew/quanta/QUANTA_Web_based_HIMS.pdf]
[Rocrex.Rocrex Limited.co.ke/Rocrex/img/q3-pdf.png]
[Rocrex.Rocrex Limited.co.ke/Rocrex/downloadnew/quanta/Quanta_V4.0_brochure.pdf]
[Rocrex.Rocrex Limited.co.ke/Rocrex/img/q4-pdf.png]
[Rocrex.Rocrex Limited.co.ke/Rocrex/downloadnew/quanta/Maxim_LIS_profile.pdf]
[Rocrex.Rocrex Limited.co.ke/Rocrex/img/maxim-small.png]
[Rocrex.Rocrex Limited.co.ke/Rocrex/downloadnew/quanta/MAXIM_LIS_RIS Features_List.pdf]
[Rocrex.Rocrex Limited.co.ke/Rocrex/img/maxim-features.png]
[Rocrex.Rocrex Limited.co.ke/Rocrex/downloadnew/quanta/Unique_Features_of_MAXIM_LISV2.0.pdf]
[Rocrex.Rocrex Limited.co.ke/Rocrex/img/maxim-unique.png]
[Rocrex.Rocrex Limited.co.ke/Rocrex/downloadnew/quanta/NetBloodBank_Brochure.pdf]
[Rocrex.Rocrex Limited.co.ke/Rocrex/img/net-small.png]
[Rocrex.Rocrex Limited.co.ke/Rocrex/docs/BMS-Zambia.html]
[Rocrex.Rocrex Limited.co.ke/Rocrex/img/collaboration-icon.png]
[Rocrex.Rocrex Limited.co.ke/Rocrex/docs/Birla-Hospital-Infrastructure-Development-Company.pdf]
[Rocrex.Rocrex Limited.co.ke/Rocrex/img/hosinfra.png]
[Rocrex.Rocrex Limited.co.ke/Rocrex/docs/ELV-Systems.pptx]
[Rocrex.Rocrex Limited.co.ke/Rocrex/img/elv.jpg]
[Rocrex.Rocrex Limited.co.ke/Rocrex/img/roxy2.jpg]
[Rocrex.Rocrex Limited.co.ke/Rocrex/img/iso1.png]
[Rocrex.Rocrex Limited.co.ke/Rocrex/img/roxy.jpg]
[Rocrex.Rocrex Limited.co.ke/Rocrex/img/iso2.png]
[Rocrex.Rocrex Limited.co.ke/Rocrex/docs/CMMI.pdf]
[Rocrex.Rocrex Limited.co.ke/Rocrex/img/CMMI.jpg]
[Rocrex.Rocrex Limited.co.ke/Rocrex/img/teamviewer.png]
[Rocrex.Rocrex Limited.co.ke/Rocrex/img/an.jpg]
[Rocrex.Rocrex Limited.co.ke/Rocrex/img/WinRAR.png]
[Rocrex.Rocrex Limited.co.ke/Rocrex/img/zoom_tool.jfif]
[Rocrex.Rocrex Limited.co.ke/Rocrex/docs/Remitting details to transfer funds to Birlamedisoft(Kotak Bank Acct).pdf]
[Rocrex.Rocrex Limited.co.ke/Rocrex/img/currency-icon.png]
[Rocrex.Rocrex Limited.co.ke/Rocrex/healthcare-software-downloads.html]
[Rocrex.Rocrex Limited.co.ke/Rocrex/img/our-support-page.jpg]
[Rocrex.Rocrex Limited.co.ke/Rocrex/img/support1.png]
[Rocrex.Rocrex Limited.co.ke/Rocrex/img/support3.png]
[Rocrex.Rocrex Limited.co.ke/Rocrex/img/support2.png]
[Rocrex.Rocrex Limited.co.ke/Rocrex/product-clinic.html]
[Rocrex.Rocrex Limited.co.ke/Rocrex/support.html]
[Rocrex.Rocrex Limited.co.ke/Rocrex/downloadnew/quanta/Rocrex_Maxim_LIS_brochure.html]
[Rocrex.Rocrex Limited.co.ke/Rocrex/docs/Carelab-brochure.html]
[Rocrex.Rocrex Limited.co.ke/Rocrex/docs/,-PACS-profile.html]
[Rocrex.Rocrex Limited.co.ke/Rocrex/img/career-vertical.jpg]
[Rocrex.Rocrex Limited.co.ke/Rocrex/career.html]
[Rocrex.Rocrex Limited.co.ke/Rocrex/images/web-bg-branches.jpg]
[Rocrex.Rocrex Limited.co.ke/Rocrex/images/india-flag.jpg]
[Rocrex.Rocrex Limited.co.ke/Rocrex/our-branches.html]
[Rocrex.Rocrex Limited.co.ke/Rocrex/product-quanta4.html]
[Rocrex.Rocrex Limited.co.ke/Rocrex/img/college-back.jpg]
[Rocrex.Rocrex Limited.co.ke/Rocrex/img/education.jpg]
[Rocrex.Rocrex Limited.co.ke/Rocrex/img/patients.jpg]
[Rocrex.Rocrex Limited.co.ke/Rocrex/product-medical-college.html]
[Rocrex.Rocrex Limited.co.ke/Rocrex/img/our-testimonials.jpg]
[Rocrex.Rocrex Limited.co.ke/Rocrex/docs/Certificate_of_Completion.pdf]
[Rocrex.Rocrex Limited.co.ke/Rocrex/docs/Daru_Hospitl.pdf]
[Rocrex.Rocrex Limited.co.ke/Rocrex/docs/Gouri_Devi_Hospital_&_Resarch_Institute_Durgapur.pdf]
[Rocrex.Rocrex Limited.co.ke/Rocrex/docs/The_Tata_Power_Company_Rocrex Limited.jpg]
[Rocrex.Rocrex Limited.co.ke/Rocrex/docs/Using HIMS on Cloud for Tata Power.pdf]
[Rocrex.Rocrex Limited.co.ke/Rocrex/docs/Al Kafeel Hospital.jpg]
[Rocrex.Rocrex Limited.co.ke/Rocrex/docs/png-certificate.pdf]
[Rocrex.Rocrex Limited.co.ke/Rocrex/docs/appreciation-certtificate.jpg]
[Rocrex.Rocrex Limited.co.ke/Rocrex/docs/PKC Vahsi.pdf]
[Rocrex.Rocrex Limited.co.ke/Rocrex/docs/Mahendru Hospital.pdf]
[Rocrex.Rocrex Limited.co.ke/Rocrex/docs/citynew jabalpur.jpg]
[Rocrex.Rocrex Limited.co.ke/Rocrex/docs/appreciation-certificate-Mimhans.pdf]
[Rocrex.Rocrex Limited.co.ke/Rocrex/docs/Using HIMS on Cloud for MIMHANS.pdf]
[Rocrex.Rocrex Limited.co.ke/Rocrex/docs/Declaration for Mobile Apps MIMHANS Hospital , Meerut.pdf]
[Rocrex.Rocrex Limited.co.ke/Rocrex/docs/ref-letter-adc.jpg]
[Rocrex.Rocrex Limited.co.ke/Rocrex/docs/oracle-cer.pdf]
[Rocrex.Rocrex Limited.co.ke/Rocrex/img/international1.png]
[Rocrex.Rocrex Limited.co.ke/Rocrex/peer_reviews.html]
[Rocrex.Rocrex Limited.co.ke/cdnjs.cloudflare.com/ajax/libs/font-awesome/4.7.0/css/font-awesome.min.css]
[Rocrex.Rocrex Limited.co.ke/Rocrex/bms-asset/simple-line-icons/simple-line-icons.min.html]
[Rocrex.Rocrex Limited.co.ke/Rocrex/bms-asset/bootstrap.min.css]
[Rocrex.Rocrex Limited.co.ke/Rocrex/bms-asset/bootstrap-switch.min.css]
[Rocrex.Rocrex Limited.co.ke/Rocrex/bms-asset/select2.min.css]
[Rocrex.Rocrex Limited.co.ke/Rocrex/bms-asset/select2-bootstrap.min.css]
[Rocrex.Rocrex Limited.co.ke/Rocrex/bms-asset/bootstrap-fileinput.css]
[Rocrex.Rocrex Limited.co.ke/Rocrex/bms-asset/components.min.css]
[Rocrex.Rocrex Limited.co.ke/Rocrex/bms-asset/plugins.min.css]
[Rocrex.Rocrex Limited.co.ke/Rocrex/bms-asset/layout.min.css]
[Rocrex.Rocrex Limited.co.ke/Rocrex/bms-asset/themes/darkblue.min.html]
[Rocrex.Rocrex Limited.co.ke/Rocrex/images/companypro.jpg]
[Rocrex.Rocrex Limited.co.ke/Rocrex/bms-asset/jquery.min.js]
[Rocrex.Rocrex Limited.co.ke/Rocrex/bms-asset/bootstrap.min.js]
[Rocrex.Rocrex Limited.co.ke/Rocrex/bms-asset/js.cookie.min.js]
[Rocrex.Rocrex Limited.co.ke/Rocrex/bms-asset/jquery.slimscroll.min.js]
[Rocrex.Rocrex Limited.co.ke/Rocrex/bms-asset/jquery.blockui.min.js]
[Rocrex.Rocrex Limited.co.ke/Rocrex/bms-asset/bootstrap-switch.min.js]
[Rocrex.Rocrex Limited.co.ke/Rocrex/bms-asset/select2.full.min.js]
[Rocrex.Rocrex Limited.co.ke/Rocrex/bms-asset/jquery.validate.min.js]
[Rocrex.Rocrex Limited.co.ke/Rocrex/bms-asset/additional-methods.min.js]
[Rocrex.Rocrex Limited.co.ke/Rocrex/bms-asset/jquery.bootstrap.wizard.min.js]
[Rocrex.Rocrex Limited.co.ke/Rocrex/bms-asset/bootstrap-fileinput.js]
[Rocrex.Rocrex Limited.co.ke/Rocrex/bms-asset/form-wizard.min.js]
[Rocrex.Rocrex Limited.co.ke/Rocrex/bms-asset/app.min.js]
[Rocrex.Rocrex Limited.co.ke/Rocrex/bms-asset/layout.min.js]
[Rocrex.Rocrex Limited.co.ke/Rocrex/bms-asset/demo.min.js]
[Rocrex.Rocrex Limited.co.ke/Rocrex/bms-asset/quick-sidebar.min.html]
[Rocrex.Rocrex Limited.co.ke/Rocrex/bms-asset/quick-nav.min.html]
[Rocrex.Rocrex Limited.co.ke/Rocrex/BMSPartnership.html]
[Rocrex.Rocrex Limited.co.ke/Rocrex/about_birlamedisoft.html]
[Rocrex.Rocrex Limited.co.ke/Rocrex/team/style.css]
[Rocrex.Rocrex Limited.co.ke/Rocrex/img/members/birla-sir.png]
[Rocrex.Rocrex Limited.co.ke/Rocrex/img/members/birla-madam.png]
[Rocrex.Rocrex Limited.co.ke/Rocrex/img/members/buva-sir.png]
[Rocrex.Rocrex Limited.co.ke/Rocrex/img/members/birla-sir-full.png]
[Rocrex.Rocrex Limited.co.ke/Rocrex/img/members/birla-madam-full.png]
[Rocrex.Rocrex Limited.co.ke/Rocrex/img/members/buva-sir-full.png]
[Rocrex.Rocrex Limited.co.ke/Rocrex/img/members/sachin-full.html]
[Rocrex.Rocrex Limited.co.ke/Rocrex/img/members/kirti-full.html]
[Rocrex.Rocrex Limited.co.ke/Rocrex/img/members/nishida-full.html]
[Rocrex.Rocrex Limited.co.ke/Rocrex/img/members/sameer-full.html]
[Rocrex.Rocrex Limited.co.ke/Rocrex/img/members/barshali-full.html]
[Rocrex.Rocrex Limited.co.ke/Rocrex/img/members/dinesh-full.html]
[Rocrex.Rocrex Limited.co.ke/Rocrex/img/members/bharteesha-full.html]
[Rocrex.Rocrex Limited.co.ke/Rocrex/img/members/suresh-full.html]
[Rocrex.Rocrex Limited.co.ke/Rocrex/management.html]
[Rocrex.Rocrex Limited.co.ke/Rocrex/team/main.js]
[Rocrex.Rocrex Limited.co.ke/Rocrex/img/doc-teach.png]
[Rocrex.Rocrex Limited.co.ke/Rocrex/img/support-service1.png]
[Rocrex.Rocrex Limited.co.ke/Rocrex/img/focus.png]
[Rocrex.Rocrex Limited.co.ke/Rocrex/why-birlamedisoft.html]
[Rocrex.Rocrex Limited.co.ke/Rocrex/gallery-css/normalize.html]
[Rocrex.Rocrex Limited.co.ke/Rocrex/gallery/demo.css]
[Rocrex.Rocrex Limited.co.ke/Rocrex/gallery/style1.css]
[Rocrex.Rocrex Limited.co.ke/Rocrex/gallery/modernizr-custom.js]
[Rocrex.Rocrex Limited.co.ke/Rocrex/img/camera.png]
[Rocrex.Rocrex Limited.co.ke/Rocrex/img/video.png]
[Rocrex.Rocrex Limited.co.ke/Rocrex/gallery/imagesloaded.pkgd.min.js]
[Rocrex.Rocrex Limited.co.ke/Rocrex/gallery/classie.js]
[Rocrex.Rocrex Limited.co.ke/Rocrex/gallery.html]
[Rocrex.Rocrex Limited.co.ke/Rocrex/gallery/main.js]
[Rocrex.Rocrex Limited.co.ke/Rocrex/gallery/masonry.pkgd.min.js]
[Rocrex.Rocrex Limited.co.ke/Rocrex/img/our-news-page.jpg]
[Rocrex.Rocrex Limited.co.ke/Rocrex/img/news/blood-min.jpg]
[Rocrex.Rocrex Limited.co.ke/Rocrex/img/news/dentist.jpg]
[Rocrex.Rocrex Limited.co.ke/Rocrex/img/news/patho-search.png]
[Rocrex.Rocrex Limited.co.ke/Rocrex/img/news/CMMI.png]
[Rocrex.Rocrex Limited.co.ke/Rocrex/img/news/eye.jpg]
[Rocrex.Rocrex Limited.co.ke/Rocrex/img/news/1-q4.png]
[Rocrex.Rocrex Limited.co.ke/Rocrex/img/news/2-q4.png]
[Rocrex.Rocrex Limited.co.ke/Rocrex/product-q4.html]
[Rocrex.Rocrex Limited.co.ke/Rocrex/img/news/ivfclinic.jpg]
[Rocrex.Rocrex Limited.co.ke/Rocrex/img/news/ceo1.jpg]
[Rocrex.Rocrex Limited.co.ke/Rocrex/img/news/ceo2.jpg]
[Rocrex.Rocrex Limited.co.ke/Rocrex/img/news/afg.png]
[Rocrex.Rocrex Limited.co.ke/Rocrex/news-healthcare.html]
[Rocrex.Rocrex Limited.co.ke/Rocrex/img/blog5-big.jpg]
[Rocrex.Rocrex Limited.co.ke/Rocrex/img/blog2.jpg]
[Rocrex.Rocrex Limited.co.ke/Rocrex/hospital-support.html]
[Rocrex.Rocrex Limited.co.ke/Rocrex/img/blog3.jpg]
[Rocrex.Rocrex Limited.co.ke/Rocrex/lab-software.html]
[Rocrex.Rocrex Limited.co.ke/Rocrex/img/blog4.jpg]
[Rocrex.Rocrex Limited.co.ke/Rocrex/hospital-experts.html]
[Rocrex.Rocrex Limited.co.ke/Rocrex/img/blog5.jpg]
[Rocrex.Rocrex Limited.co.ke/Rocrex/img/proficient-small.jpg]
[Rocrex.Rocrex Limited.co.ke/Rocrex/healthcare-digitalization.html]
[Rocrex.Rocrex Limited.co.ke/Rocrex/proficient-hospital.html]
[Rocrex.Rocrex Limited.co.ke/Rocrex/img/our-privacy-page.jpg]
[Rocrex.Rocrex Limited.co.ke/Rocrex/privacy.html]
[Rocrex.Rocrex Limited.co.ke/ssl.google-analytics.com/ga.js]
[Rocrex.Rocrex Limited.co.ke/Rocrex/img/our-terms-page.jpg]
[Rocrex.Rocrex Limited.co.ke/Rocrex/terms_of_use.html]
[Rocrex.Rocrex Limited.co.ke/Rocrex/docs/BMS-Zambia.html]
[Rocrex.Rocrex Limited.co.ke/Rocrex/index-3.html]
[Rocrex.Rocrex Limited.co.ke/Rocrex/product-clinic.html]
[Rocrex.Rocrex Limited.co.ke/cdnjs.cloudflare.com/ajax/libs/font-awesome/4.7.0/css/font-awesome.min.css]
[Rocrex.Rocrex Limited.co.ke/Rocrex/bms-asset/simple-line-icons/simple-line-icons.min.html]
[Rocrex.Rocrex Limited.co.ke/Rocrex/fonts/bootstrap/glyphicons-halflings-regular.html]
[Rocrex.Rocrex Limited.co.ke/Rocrex/fonts/bootstrap/glyphicons-halflings-regulard41dd41d.html]
[Rocrex.Rocrex Limited.co.ke/Rocrex/fonts/bootstrap/glyphicons-halflings-regular-2.html]
[Rocrex.Rocrex Limited.co.ke/Rocrex/fonts/bootstrap/glyphicons-halflings-regular-3.html]
[Rocrex.Rocrex Limited.co.ke/Rocrex/fonts/bootstrap/glyphicons-halflings-regular-4.html]
[Rocrex.Rocrex Limited.co.ke/Rocrex/fonts/bootstrap/glyphicons-halflings-regular-5.html]
[Rocrex.Rocrex Limited.co.ke/Rocrex/bms-asset/bootstrap.min.css]
[Rocrex.Rocrex Limited.co.ke/Rocrex/bms-asset/bootstrap-switch.min.css]
[Rocrex.Rocrex Limited.co.ke/Rocrex/bms-asset/select2.min.css]
[Rocrex.Rocrex Limited.co.ke/Rocrex/bms-asset/select2-bootstrap.min.css]
[Rocrex.Rocrex Limited.co.ke/Rocrex/bms-asset/bootstrap-fileinput.css]
[Rocrex.Rocrex Limited.co.ke/Rocrex/img/remove-icon-small.html]
[Rocrex.Rocrex Limited.co.ke/Rocrex/img/syncfusion-icons.html]
[Rocrex.Rocrex Limited.co.ke/Rocrex/img/syncfusion-icons-white.html]
[Rocrex.Rocrex Limited.co.ke/Rocrex/img/accordion-plusminus.html]
[Rocrex.Rocrex Limited.co.ke/Rocrex/img/portlet-remove-icon.html]
[Rocrex.Rocrex Limited.co.ke/Rocrex/img/portlet-config-icon.html]
[Rocrex.Rocrex Limited.co.ke/Rocrex/img/portlet-reload-icon.html]
[Rocrex.Rocrex Limited.co.ke/Rocrex/img/portlet-expand-icon.html]
[Rocrex.Rocrex Limited.co.ke/Rocrex/img/portlet-collapse-icon.html]
[Rocrex.Rocrex Limited.co.ke/Rocrex/img/portlet-remove-icon-white.html]
[Rocrex.Rocrex Limited.co.ke/Rocrex/img/portlet-config-icon-white.html]
[Rocrex.Rocrex Limited.co.ke/Rocrex/img/portlet-reload-icon-white.html]
[Rocrex.Rocrex Limited.co.ke/Rocrex/img/portlet-expand-icon-white.html]
[Rocrex.Rocrex Limited.co.ke/Rocrex/img/portlet-collapse-icon-white.html]
[Rocrex.Rocrex Limited.co.ke/Rocrex/img/social/amazon.html]
[Rocrex.Rocrex Limited.co.ke/Rocrex/img/social/behance.html]
[Rocrex.Rocrex Limited.co.ke/Rocrex/img/social/blogger.html]
[Rocrex.Rocrex Limited.co.ke/Rocrex/img/social/deviantart.html]
[Rocrex.Rocrex Limited.co.ke/Rocrex/img/social/dribbble.html]
[Rocrex.Rocrex Limited.co.ke/Rocrex/img/social/dropbox.html]
[Rocrex.Rocrex Limited.co.ke/Rocrex/img/social/evernote.html]
[Rocrex.Rocrex Limited.co.ke/Rocrex/img/social/facebook.html]
[Rocrex.Rocrex Limited.co.ke/Rocrex/img/social/forrst.html]
[Rocrex.Rocrex Limited.co.ke/Rocrex/img/social/github.html]
[Rocrex.Rocrex Limited.co.ke/Rocrex/img/social/googleplus.html]
[Rocrex.Rocrex Limited.co.ke/Rocrex/img/social/jolicloud.html]
[Rocrex.Rocrex Limited.co.ke/Rocrex/img/social/last-fm.html]
[Rocrex.Rocrex Limited.co.ke/Rocrex/img/social/linkedin.html]
[Rocrex.Rocrex Limited.co.ke/Rocrex/img/social/picasa.html]
[Rocrex.Rocrex Limited.co.ke/Rocrex/img/social/pintrest.html]
[Rocrex.Rocrex Limited.co.ke/Rocrex/img/social/rss.html]
[Rocrex.Rocrex Limited.co.ke/Rocrex/img/social/skype.html]
[Rocrex.Rocrex Limited.co.ke/Rocrex/img/social/spotify.html]
[Rocrex.Rocrex Limited.co.ke/Rocrex/img/social/stumbleupon.html]
[Rocrex.Rocrex Limited.co.ke/Rocrex/img/social/tumblr.html]
[Rocrex.Rocrex Limited.co.ke/Rocrex/img/social/twitter.html]
[Rocrex.Rocrex Limited.co.ke/Rocrex/img/social/vimeo.html]
[Rocrex.Rocrex Limited.co.ke/Rocrex/img/social/wordpress.html]
[Rocrex.Rocrex Limited.co.ke/Rocrex/img/social/xing.html]
[Rocrex.Rocrex Limited.co.ke/Rocrex/img/social/yahoo.html]
[Rocrex.Rocrex Limited.co.ke/Rocrex/img/social/youtube.html]
[Rocrex.Rocrex Limited.co.ke/Rocrex/img/social/vk.html]
[Rocrex.Rocrex Limited.co.ke/Rocrex/img/social/instagram.html]
[Rocrex.Rocrex Limited.co.ke/Rocrex/img/social/reddit.html]
[Rocrex.Rocrex Limited.co.ke/Rocrex/img/social/aboutme.html]
[Rocrex.Rocrex Limited.co.ke/Rocrex/img/social/flickr.html]
[Rocrex.Rocrex Limited.co.ke/Rocrex/img/social/foursquare.html]
[Rocrex.Rocrex Limited.co.ke/Rocrex/img/social/gravatar.html]
[Rocrex.Rocrex Limited.co.ke/Rocrex/img/social/klout.html]
[Rocrex.Rocrex Limited.co.ke/Rocrex/img/social/myspace.html]
[Rocrex.Rocrex Limited.co.ke/Rocrex/img/social/quora.html]
[Rocrex.Rocrex Limited.co.ke/Rocrex/bms-asset/components.min.css]
[Rocrex.Rocrex Limited.co.ke/Rocrex/img/datatable-row-openclose.html]
[Rocrex.Rocrex Limited.co.ke/Rocrex/plugins/datatables/images/sort_both.html]
[Rocrex.Rocrex Limited.co.ke/Rocrex/plugins/datatables/images/sort_asc.html]
[Rocrex.Rocrex Limited.co.ke/Rocrex/plugins/datatables/images/sort_desc.html]
[Rocrex.Rocrex Limited.co.ke/Rocrex/plugins/datatables/images/sort_asc_disabled.html]
[Rocrex.Rocrex Limited.co.ke/Rocrex/plugins/datatables/images/sort_desc_disabled.html]
[Rocrex.Rocrex Limited.co.ke/Rocrex/bms-asset/plugins.min.css]
[Rocrex.Rocrex Limited.co.ke/Rocrex/img/icon-color.html]
[Rocrex.Rocrex Limited.co.ke/Rocrex/img/icon-color-close.html]
[Rocrex.Rocrex Limited.co.ke/Rocrex/bms-asset/layout.min.css]
[Rocrex.Rocrex Limited.co.ke/Rocrex/bms-asset/themes/darkblue.min.html]
[Rocrex.Rocrex Limited.co.ke/Rocrex/bms-asset/custom.min.css]
[Rocrex.Rocrex Limited.co.ke/Rocrex/bms-asset/quick-sidebar.min.html]
[Rocrex.Rocrex Limited.co.ke/Rocrex/bms-asset/quick-nav.min.html]
[Rocrex.Rocrex Limited.co.ke/Rocrex/img/members/cancel.png]
[Rocrex.Rocrex Limited.co.ke/Rocrex/team/style.css]
[Rocrex.Rocrex Limited.co.ke/Rocrex/img/members/sachin-full.html]
[Rocrex.Rocrex Limited.co.ke/Rocrex/img/members/kirti-full.html]
[Rocrex.Rocrex Limited.co.ke/Rocrex/img/members/nishida-full.html]
[Rocrex.Rocrex Limited.co.ke/Rocrex/img/members/sameer-full.html]
[Rocrex.Rocrex Limited.co.ke/Rocrex/img/members/barshali-full.html]
[Rocrex.Rocrex Limited.co.ke/Rocrex/img/members/dinesh-full.html]
[Rocrex.Rocrex Limited.co.ke/Rocrex/img/members/bharteesha-full.html]
[Rocrex.Rocrex Limited.co.ke/Rocrex/img/members/suresh-full.html]
[Rocrex.Rocrex Limited.co.ke/Rocrex/gallery-css/normalize.html]
[Rocrex.Rocrex Limited.co.ke/Rocrex/gallery/demo.css]
[Rocrex.Rocrex Limited.co.ke/Rocrex/img/loading.html]
[Rocrex.Rocrex Limited.co.ke/Rocrex/gallery/style1.css]
[Rocrex.Rocrex Limited.co.ke/Rocrex/img/company-pics/rangoli.html]
[Rocrex.Rocrex Limited.co.ke/Rocrex/img/company-pics/everyone.html]
[Rocrex.Rocrex Limited.co.ke/Rocrex/img/company-pics/dussera.html]
[Rocrex.Rocrex Limited.co.ke/Rocrex/img/company-pics/172.html]
[Rocrex.Rocrex Limited.co.ke/Rocrex/img/company-pics/174.html]
[Rocrex.Rocrex Limited.co.ke/Rocrex/img/company-pics/03.html]
[Rocrex.Rocrex Limited.co.ke/Rocrex/img/company-pics/04.html]
[Rocrex.Rocrex Limited.co.ke/Rocrex/img/company-pics/05.html]
[Rocrex.Rocrex Limited.co.ke/Rocrex/img/company-pics/06.html]
[Rocrex.Rocrex Limited.co.ke/Rocrex/img/company-pics/07.html]
[Rocrex.Rocrex Limited.co.ke/Rocrex/img/company-pics/08.html]
[Rocrex.Rocrex Limited.co.ke/Rocrex/img/company-pics/16-1.html]
[Rocrex.Rocrex Limited.co.ke/Rocrex/img/company-pics/16-2.html]
[Rocrex.Rocrex Limited.co.ke/Rocrex/img/company-pics/16-3.html]
[Rocrex.Rocrex Limited.co.ke/Rocrex/img/company-pics/01.html]
[Rocrex.Rocrex Limited.co.ke/Rocrex/img/company-pics/16-4.html]
[Rocrex.Rocrex Limited.co.ke/Rocrex/img/company-pics/16-5.html]
[Rocrex.Rocrex Limited.co.ke/Rocrex/img/company-pics/16-6.html]
[Rocrex.Rocrex Limited.co.ke/Rocrex/img/company-pics/16-7.html]
[Rocrex.Rocrex Limited.co.ke/Rocrex/img/company-pics/16-8.html]
[Rocrex.Rocrex Limited.co.ke/Rocrex/img/company-pics/ofc-1.html]
[Rocrex.Rocrex Limited.co.ke/Rocrex/img/company-pics/ofc-2.html]
[Rocrex.Rocrex Limited.co.ke/Rocrex/img/company-pics/ofc-3.html]
[Rocrex.Rocrex Limited.co.ke/Rocrex/img/company-pics/ofc-4.html]
[Rocrex.Rocrex Limited.co.ke/Rocrex/img/company-pics/ofc-5.html]
[Rocrex.Rocrex Limited.co.ke/Rocrex/img/quanta4.png]
[Rocrex.Rocrex Limited.co.ke/Rocrex/img/q4-screen.png]
[Rocrex.Rocrex Limited.co.ke/Rocrex/img/q4-half-dash.jpg]
[Rocrex.Rocrex Limited.co.ke/Rocrex/img/q4-mobile.png]
[Rocrex.Rocrex Limited.co.ke/Rocrex/img/q4-mobile2.png]
[Rocrex.Rocrex Limited.co.ke/Rocrex/img/clinical-mngt.png]
[Rocrex.Rocrex Limited.co.ke/Rocrex/img/finance-management-icn.png]
[Rocrex.Rocrex Limited.co.ke/Rocrex/img/support-service.png]
[Rocrex.Rocrex Limited.co.ke/Rocrex/img/management-info.png]
[Rocrex.Rocrex Limited.co.ke/Rocrex/product-q3.html]
[Rocrex.Rocrex Limited.co.ke/Rocrex/product-q2.html]
[Rocrex.Rocrex Limited.co.ke/Rocrex/product-q4.html]
[Rocrex.Rocrex Limited.co.ke/Rocrex/img/blog2-big.jpg]
[Rocrex.Rocrex Limited.co.ke/Rocrex/hospital-support.html]
[Rocrex.Rocrex Limited.co.ke/Rocrex/img/blog3-big.jpg]
[Rocrex.Rocrex Limited.co.ke/Rocrex/lab-software.html]
[Rocrex.Rocrex Limited.co.ke/Rocrex/img/blog4-big.jpg]
[Rocrex.Rocrex Limited.co.ke/Rocrex/hospital-experts.html]
[Rocrex.Rocrex Limited.co.ke/Rocrex/img/proficient.jpg]
[Rocrex.Rocrex Limited.co.ke/Rocrex/proficient-hospital.html]
[Rocrex.Rocrex Limited.co.ke/Rocrex/fonts/bootstrap/glyphicons-halflings-regular.html]
[Rocrex.Rocrex Limited.co.ke/Rocrex/fonts/bootstrap/glyphicons-halflings-regulard41dd41d.html]
[Rocrex.Rocrex Limited.co.ke/Rocrex/fonts/bootstrap/glyphicons-halflings-regular-2.html]
[Rocrex.Rocrex Limited.co.ke/Rocrex/fonts/bootstrap/glyphicons-halflings-regular-3.html]
[Rocrex.Rocrex Limited.co.ke/Rocrex/fonts/bootstrap/glyphicons-halflings-regular-4.html]
[Rocrex.Rocrex Limited.co.ke/Rocrex/fonts/bootstrap/glyphicons-halflings-regular-5.html]
[Rocrex.Rocrex Limited.co.ke/Rocrex/img/remove-icon-small.html]
[Rocrex.Rocrex Limited.co.ke/Rocrex/img/syncfusion-icons.html]
[Rocrex.Rocrex Limited.co.ke/Rocrex/img/syncfusion-icons-white.html]
[Rocrex.Rocrex Limited.co.ke/Rocrex/img/accordion-plusminus.html]
[Rocrex.Rocrex Limited.co.ke/Rocrex/img/portlet-remove-icon.html]
[Rocrex.Rocrex Limited.co.ke/Rocrex/img/portlet-config-icon.html]
[Rocrex.Rocrex Limited.co.ke/Rocrex/img/portlet-reload-icon.html]
[Rocrex.Rocrex Limited.co.ke/Rocrex/img/portlet-expand-icon.html]
[Rocrex.Rocrex Limited.co.ke/Rocrex/img/portlet-collapse-icon.html]
[Rocrex.Rocrex Limited.co.ke/Rocrex/img/portlet-remove-icon-white.html]
[Rocrex.Rocrex Limited.co.ke/Rocrex/img/portlet-config-icon-white.html]
[Rocrex.Rocrex Limited.co.ke/Rocrex/img/portlet-reload-icon-white.html]
[Rocrex.Rocrex Limited.co.ke/Rocrex/img/portlet-expand-icon-white.html]
[Rocrex.Rocrex Limited.co.ke/Rocrex/img/portlet-collapse-icon-white.html]
[Rocrex.Rocrex Limited.co.ke/Rocrex/img/social/amazon.html]
[Rocrex.Rocrex Limited.co.ke/Rocrex/img/social/behance.html]
[Rocrex.Rocrex Limited.co.ke/Rocrex/img/social/blogger.html]
[Rocrex.Rocrex Limited.co.ke/Rocrex/img/social/deviantart.html]
[Rocrex.Rocrex Limited.co.ke/Rocrex/img/social/dribbble.html]
[Rocrex.Rocrex Limited.co.ke/Rocrex/img/social/dropbox.html]
[Rocrex.Rocrex Limited.co.ke/Rocrex/img/social/evernote.html]
[Rocrex.Rocrex Limited.co.ke/Rocrex/img/social/facebook.html]
[Rocrex.Rocrex Limited.co.ke/Rocrex/img/social/forrst.html]
[Rocrex.Rocrex Limited.co.ke/Rocrex/img/social/github.html]
[Rocrex.Rocrex Limited.co.ke/Rocrex/img/social/googleplus.html]
[Rocrex.Rocrex Limited.co.ke/Rocrex/img/social/jolicloud.html]
[Rocrex.Rocrex Limited.co.ke/Rocrex/img/social/last-fm.html]
[Rocrex.Rocrex Limited.co.ke/Rocrex/img/social/linkedin.html]
[Rocrex.Rocrex Limited.co.ke/Rocrex/img/social/picasa.html]
[Rocrex.Rocrex Limited.co.ke/Rocrex/img/social/pintrest.html]
[Rocrex.Rocrex Limited.co.ke/Rocrex/img/social/rss.html]
[Rocrex.Rocrex Limited.co.ke/Rocrex/img/social/skype.html]
[Rocrex.Rocrex Limited.co.ke/Rocrex/img/social/spotify.html]
[Rocrex.Rocrex Limited.co.ke/Rocrex/img/social/stumbleupon.html]
[Rocrex.Rocrex Limited.co.ke/Rocrex/img/social/tumblr.html]
[Rocrex.Rocrex Limited.co.ke/Rocrex/img/social/twitter.html]
[Rocrex.Rocrex Limited.co.ke/Rocrex/img/social/vimeo.html]
[Rocrex.Rocrex Limited.co.ke/Rocrex/img/social/wordpress.html]
[Rocrex.Rocrex Limited.co.ke/Rocrex/img/social/xing.html]
[Rocrex.Rocrex Limited.co.ke/Rocrex/img/social/yahoo.html]
[Rocrex.Rocrex Limited.co.ke/Rocrex/img/social/youtube.html]
[Rocrex.Rocrex Limited.co.ke/Rocrex/img/social/vk.html]
[Rocrex.Rocrex Limited.co.ke/Rocrex/img/social/instagram.html]
[Rocrex.Rocrex Limited.co.ke/Rocrex/img/social/reddit.html]
[Rocrex.Rocrex Limited.co.ke/Rocrex/img/social/aboutme.html]
[Rocrex.Rocrex Limited.co.ke/Rocrex/img/social/flickr.html]
[Rocrex.Rocrex Limited.co.ke/Rocrex/img/social/foursquare.html]
[Rocrex.Rocrex Limited.co.ke/Rocrex/img/social/gravatar.html]
[Rocrex.Rocrex Limited.co.ke/Rocrex/img/social/klout.html]
[Rocrex.Rocrex Limited.co.ke/Rocrex/img/social/myspace.html]
[Rocrex.Rocrex Limited.co.ke/Rocrex/img/social/quora.html]
[Rocrex.Rocrex Limited.co.ke/Rocrex/img/datatable-row-openclose.html]
[Rocrex.Rocrex Limited.co.ke/Rocrex/plugins/datatables/images/sort_both.html]
[Rocrex.Rocrex Limited.co.ke/Rocrex/plugins/datatables/images/sort_asc.html]
[Rocrex.Rocrex Limited.co.ke/Rocrex/plugins/datatables/images/sort_desc.html]
[Rocrex.Rocrex Limited.co.ke/Rocrex/plugins/datatables/images/sort_asc_disabled.html]
[Rocrex.Rocrex Limited.co.ke/Rocrex/plugins/datatables/images/sort_desc_disabled.html]
[Rocrex.Rocrex Limited.co.ke/Rocrex/img/icon-color.html]
[Rocrex.Rocrex Limited.co.ke/Rocrex/img/icon-color-close.html]
[Rocrex.Rocrex Limited.co.ke/Rocrex/img/loading.html]
[Rocrex.Rocrex Limited.co.ke/Rocrex/img/q3-intro.jpg]
[Rocrex.Rocrex Limited.co.ke/Rocrex/img/quanta3.png]
[Rocrex.Rocrex Limited.co.ke/Rocrex/img/q3-screen.png]
[Rocrex.Rocrex Limited.co.ke/Rocrex/img/q3-f2.png]
[Rocrex.Rocrex Limited.co.ke/Rocrex/img/q3-f3.png]
[Rocrex.Rocrex Limited.co.ke/Rocrex/img/q3-f8.png]
[Rocrex.Rocrex Limited.co.ke/Rocrex/img/q3-f6.png]
[Rocrex.Rocrex Limited.co.ke/Rocrex/img/q3-f4.png]
[Rocrex.Rocrex Limited.co.ke/Rocrex/img/q3-half-dash.png]
[Rocrex.Rocrex Limited.co.ke/Rocrex/product-q3.html]
[Rocrex.Rocrex Limited.co.ke/Rocrex/img/Occupation-cover.jpg]
[Rocrex.Rocrex Limited.co.ke/Rocrex/img/quanta2.png]
[Rocrex.Rocrex Limited.co.ke/Rocrex/docs/Why-you-should-choose-Quanta-WebHIMS-Industrial-version.pdf]
[Rocrex.Rocrex Limited.co.ke/Rocrex/product-q2.html]
